[2m8:19:05 PM[22m [31m[1m[vite][22m[39m [31m[2m(client)[22m[39m [2m[console.error] [22m[2026-04-22T13:19:04.984Z] Error: Failed to complete negotiation with the server: Error: : Status code '401'
[2m8:19:05 PM[22m [31m[1m[vite][22m[39m [31m[2m(client)[22m[39m [2m[console.error] [22m[2026-04-22T13:19:04.985Z] Error: Failed to start the connection: Error: Failed to complete negotiation with the server: Error: : Status code '401'
[2m8:19:05 PM[22m [31m[1m[vite][22m[39m [31m[2m(client)[22m[39m [2m[console.error] [22mKhông thể kết nối realtime: Error: Failed to complete negotiation with the server: Error: : Status code '401'
    at HttpConnection._getNegotiationResponse (http://localhost:5173/node_modules/.vite/deps/@microsoft_signalr.js?v=ba437488:2009:26)
    at async HttpConnection._startInternal (http://localhost:5173/node_modules/.vite/deps/@microsoft_signalr.js?v=ba437488:1953:26)
    at async HttpConnection.start (http://localhost:5173/node_modules/.vite/deps/@microsoft_signalr.js?v=ba437488:1891:3)
    at async HubConnection._startInternal (http://localhost:5173/node_modules/.vite/deps/@microsoft_signalr.js?v=ba437488:858:3)
    at async HubConnection._startWithStateTransitions (http://localhost:5173/node_modules/.vite/deps/@microsoft_signalr.js?v=ba437488:840:4)
    at async startConnection (http://localhost:5173/src/components/RealtimeNotifications.tsx:85:5)
[2m8:19:05 PM[22m [31m[1m[vite][22m[39m [31m[2m(client)[22m[39m [2m[console.error] [22m[2026-04-22T13:19:04.990Z] Error: Failed to complete negotiation with the server: Error: : Status code '401'
[2m8:19:05 PM[22m [31m[1m[vite][22m[39m [31m[2m(client)[22m[39m [2m[console.error] [22m[2026-04-22T13:19:04.990Z] Error: Failed to start the connection: Error: Failed to complete negotiation with the server: Error: : Status code '401'
[2m8:19:05 PM[22m [31m[1m[vite][22m[39m [31m[2m(client)[22m[39m [2m[console.error] [22mKhông thể kết nối realtime: Error: Failed to complete negotiation with the server: Error: : Status code '401'
    at HttpConnection._getNegotiationResponse (http://localhost:5173/node_modules/.vite/deps/@microsoft_signalr.js?v=ba437488:2009:26)
    at async HttpConnection._startInternal (http://localhost:5173/node_modules/.vite/deps/@microsoft_signalr.js?v=ba437488:1953:26)
    at async HttpConnection.start (http://localhost:5173/node_modules/.vite/deps/@microsoft_signalr.js?v=ba437488:1891:3)
    at async HubConnection._startInternal (http://localhost:5173/node_modules/.vite/deps/@microsoft_signalr.js?v=ba437488:858:3)
    at async HubConnection._startWithStateTransitions (http://localhost:5173/node_modules/.vite/deps/@microsoft_signalr.js?v=ba437488:840:4)
    at async startConnection (http://localhost:5173/src/components/RealtimeNotifications.tsx:85:5)
[2m8:19:14 PM[22m [33m[1m[vite][22m[39m [33m[2m(client)[22m[39m [2m[console.warn] [22mThe width(-1) and height(-1) of chart should be greater than 0,
       please check the style of container, or the props width(100%) and height(100%),
       or add a minWidth(0) or minHeight(undefined) or use aspect(undefined) to control the
       height and width.
[2m8:19:14 PM[22m [33m[1m[vite][22m[39m [33m[2m(client)[22m[39m [2m[console.warn] [22mThe width(-1) and height(-1) of chart should be greater than 0,
       please check the style of container, or the props width(100%) and height(100%),
       or add a minWidth(0) or minHeight(undefined) or use aspect(undefined) to control the
       height and width.
[2m8:19:36 PM[22m [33m[1m[vite][22m[39m [33m[2m(client)[22m[39m [2m[console.warn] [22mThe width(-1) and height(-1) of chart should be greater than 0,
       please check the style of container, or the props width(100%) and height(100%),
       or add a minWidth(0) or minHeight(undefined) or use aspect(undefined) to control the
       height and width.
[2m8:19:36 PM[22m [33m[1m[vite][22m[39m [33m[2m(client)[22m[39m [2m[console.warn] [22mThe width(-1) and height(-1) of chart should be greater than 0,
       please check the style of container, or the props width(100%) and height(100%),
       or add a minWidth(0) or minHeight(undefined) or use aspect(undefined) to control the
       height and width.
[2m8:20:26 PM[22m [31m[1m[vite][22m[39m [31m[2m(client)[22m[39m [2m[console.error] [22mIn HTML, <a> cannot be a descendant of <a>.
This will cause a hydration error.

  ...
    <UserLayout>
      <div className="flex flex-...">
        <header>
        <main className="flex-1">
          <Outlet>
            <RenderedRoute match={{params:{}, ...}} routeContext={{outlet:null, ...}}>
              <ProductCatalog>
                <div className="max-w-7xl ...">
                  <Breadcrumb>
                  <PageTitle>
                  <div className="flex gap-6">
                    <aside>
                    <div className="flex-1 rel...">
                      <div>
                      <div className="transition...">
                        <div className="grid grid-...">
                          <LinkWithRef to="/product/0..." className="bg-white s...">
>                           <a
>                             className="bg-white shadow-md overflow-hidden hover:shadow-lg transition flex flex-col h..."
>                             href="/product/002d7d0b-4a4d-49bd-879e-a55dc4f7881b"
>                             onClick={function handleClick}
>                             ref={function}
>                             target={undefined}
>                             data-discover="true"
>                           >
                              <div>
                              <div className="p-2 flex f...">
                                <div>
                                <div>
                                <div>
                                <div>
                                <div className="flex gap-1...">
                                  <LinkWithRef to="/product/0..." className="flex-1 bg-..." onClick={function onClick}>
>                                   <a
>                                     className="flex-1 bg-blue-500 hover:bg-blue-600 text-white py-1 flex items-cente..."
>                                     href="/product/002d7d0b-4a4d-49bd-879e-a55dc4f7881b"
>                                     onClick={function handleClick}
>                                     ref={function}
>                                     target={undefined}
>                                     data-discover="true"
>                                   >
                                  ...
                          ...
                        ...
        ...

[2m8:20:26 PM[22m [31m[1m[vite][22m[39m [31m[2m(client)[22m[39m [2m[console.error] [22m<a> cannot contain a nested <a>.
See this log for the ancestor stack trace.
[2m8:25:22 PM[22m [31m[1m[vite][22m[39m [31m[2m(client)[22m[39m [2m[console.error] [22mIn HTML, <a> cannot be a descendant of <a>.
This will cause a hydration error.

  ...
    <UserLayout>
      <div className="flex flex-...">
        <header>
        <main className="flex-1">
          <Outlet>
            <RenderedRoute match={{params:{}, ...}} routeContext={{outlet:null, ...}}>
              <ProductCatalog>
                <div className="max-w-7xl ...">
                  <Breadcrumb>
                  <PageTitle>
                  <div className="flex gap-6">
                    <aside>
                    <div className="flex-1 rel...">
                      <div>
                      <div className="transition...">
                        <div className="grid grid-...">
                          <LinkWithRef to="/product/0..." className="bg-white s...">
>                           <a
>                             className="bg-white shadow-md overflow-hidden hover:shadow-lg transition flex flex-col h..."
>                             href="/product/002d7d0b-4a4d-49bd-879e-a55dc4f7881b"
>                             onClick={function handleClick}
>                             ref={function}
>                             target={undefined}
>                             data-discover="true"
>                           >
                              <div>
                              <div className="p-2 flex f...">
                                <div>
                                <div>
                                <div>
                                <div>
                                <div className="flex gap-1...">
                                  <LinkWithRef to="/product/0..." className="flex-1 bg-..." onClick={function onClick}>
>                                   <a
>                                     className="flex-1 bg-blue-500 hover:bg-blue-600 text-white py-1 flex items-cente..."
>                                     href="/product/002d7d0b-4a4d-49bd-879e-a55dc4f7881b"
>                                     onClick={function handleClick}
>                                     ref={function}
>                                     target={undefined}
>                                     data-discover="true"
>                                   >
                                  ...
                          ...
                        ...
        ...

[2m8:25:22 PM[22m [31m[1m[vite][22m[39m [31m[2m(client)[22m[39m [2m[console.error] [22m<a> cannot contain a nested <a>.
See this log for the ancestor stack trace.
[2m8:25:57 PM[22m [31m[1m[vite][22m[39m [31m[2m(client)[22m[39m [2m[console.error] [22mAPI Error: {"status":400,"data":{"error":"Ngày hết hạn phải lớn hơn ngày hiện tại!"},"message":"Request failed with status code 400"}
[2m8:25:57 PM[22m [31m[1m[vite][22m[39m [31m[2m(client)[22m[39m [2m[console.error] [22mVoucher submit error: Error: Request failed with status code 400
    at http://localhost:5173/src/api/axiosClient.ts:31:19
    at async Axios$1.request (http://localhost:5173/node_modules/.vite/deps/axios.js?v=bdbfb9f5:2514:11)
    at async handleSubmit (http://localhost:5173/src/pages/Vouchers.tsx:106:5)
    at Axios$1.request (http://localhost:5173/node_modules/.vite/deps/axios.js?v=bdbfb9f5:2518:37)
    at async handleSubmit (http://localhost:5173/src/pages/Vouchers.tsx:106:5)
[2m8:27:06 PM[22m [31m[1m[vite][22m[39m [31m[2m(client)[22m[39m [2m[console.error] [22mIn HTML, <a> cannot be a descendant of <a>.
This will cause a hydration error.

  ...
    <UserLayout>
      <div className="flex flex-...">
        <header>
        <main className="flex-1">
          <Outlet>
            <RenderedRoute match={{params:{}, ...}} routeContext={{outlet:null, ...}}>
              <ProductCatalog>
                <div className="max-w-7xl ...">
                  <Breadcrumb>
                  <PageTitle>
                  <div className="flex gap-6">
                    <aside>
                    <div className="flex-1 rel...">
                      <div>
                      <div className="transition...">
                        <div className="grid grid-...">
                          <LinkWithRef to="/product/0..." className="bg-white s...">
>                           <a
>                             className="bg-white shadow-md overflow-hidden hover:shadow-lg transition flex flex-col h..."
>                             href="/product/002d7d0b-4a4d-49bd-879e-a55dc4f7881b"
>                             onClick={function handleClick}
>                             ref={function}
>                             target={undefined}
>                             data-discover="true"
>                           >
                              <div>
                              <div className="p-2 flex f...">
                                <div>
                                <div>
                                <div>
                                <div>
                                <div className="flex gap-1...">
                                  <LinkWithRef to="/product/0..." className="flex-1 bg-..." onClick={function onClick}>
>                                   <a
>                                     className="flex-1 bg-blue-500 hover:bg-blue-600 text-white py-1 flex items-cente..."
>                                     href="/product/002d7d0b-4a4d-49bd-879e-a55dc4f7881b"
>                                     onClick={function handleClick}
>                                     ref={function}
>                                     target={undefined}
>                                     data-discover="true"
>                                   >
                                  ...
                          ...
                        ...
        ...

[2m8:27:06 PM[22m [31m[1m[vite][22m[39m [31m[2m(client)[22m[39m [2m[console.error] [22m<a> cannot contain a nested <a>.
See this log for the ancestor stack trace.
[2m8:27:24 PM[22m [31m[1m[vite][22m[39m [31m[2m(client)[22m[39m [2m[console.error] [22mIn HTML, <a> cannot be a descendant of <a>.
This will cause a hydration error.

  ...
    <UserLayout>
      <div className="flex flex-...">
        <header>
        <main className="flex-1">
          <Outlet>
            <RenderedRoute match={{params:{}, ...}} routeContext={{outlet:null, ...}}>
              <ProductCatalog>
                <div className="max-w-7xl ...">
                  <Breadcrumb>
                  <PageTitle>
                  <div className="flex gap-6">
                    <aside>
                    <div className="flex-1 rel...">
                      <div>
                      <div className="transition...">
                        <div className="grid grid-...">
                          <LinkWithRef to="/product/0..." className="bg-white s...">
>                           <a
>                             className="bg-white shadow-md overflow-hidden hover:shadow-lg transition flex flex-col h..."
>                             href="/product/002d7d0b-4a4d-49bd-879e-a55dc4f7881b"
>                             onClick={function handleClick}
>                             ref={function}
>                             target={undefined}
>                             data-discover="true"
>                           >
                              <div>
                              <div className="p-2 flex f...">
                                <div>
                                <div>
                                <div>
                                <div>
                                <div className="flex gap-1...">
                                  <LinkWithRef to="/product/0..." className="flex-1 bg-..." onClick={function onClick}>
>                                   <a
>                                     className="flex-1 bg-blue-500 hover:bg-blue-600 text-white py-1 flex items-cente..."
>                                     href="/product/002d7d0b-4a4d-49bd-879e-a55dc4f7881b"
>                                     onClick={function handleClick}
>                                     ref={function}
>                                     target={undefined}
>                                     data-discover="true"
>                                   >
                                  ...
                          ...
                        ...
        ...

[2m8:27:24 PM[22m [31m[1m[vite][22m[39m [31m[2m(client)[22m[39m [2m[console.error] [22m<a> cannot contain a nested <a>.
See this log for the ancestor stack trace.
[2m8:27:42 PM[22m [33m[1m[vite][22m[39m [33m[2m(client)[22m[39m [2m[console.warn] [22mThe width(-1) and height(-1) of chart should be greater than 0,
       please check the style of container, or the props width(100%) and height(100%),
       or add a minWidth(0) or minHeight(undefined) or use aspect(undefined) to control the
       height and width.
[2m8:27:42 PM[22m [33m[1m[vite][22m[39m [33m[2m(client)[22m[39m [2m[console.warn] [22mThe width(-1) and height(-1) of chart should be greater than 0,
       please check the style of container, or the props width(100%) and height(100%),
       or add a minWidth(0) or minHeight(undefined) or use aspect(undefined) to control the
       height and width.
[2m8:34:37 PM[22m [33m[1m[vite][22m[39m [33m[2m(client)[22m[39m [2m[console.warn] [22mThe width(-1) and height(-1) of chart should be greater than 0,
       please check the style of container, or the props width(100%) and height(100%),
       or add a minWidth(0) or minHeight(undefined) or use aspect(undefined) to control the
       height and width.
[2m8:34:37 PM[22m [33m[1m[vite][22m[39m [33m[2m(client)[22m[39m [2m[console.warn] [22mThe width(-1) and height(-1) of chart should be greater than 0,
       please check the style of container, or the props width(100%) and height(100%),
       or add a minWidth(0) or minHeight(undefined) or use aspect(undefined) to control the
       height and width.
[2m8:35:15 PM[22m [33m[1m[vite][22m[39m [33m[2m(client)[22m[39m [2m[console.warn] [22mThe width(-1) and height(-1) of chart should be greater than 0,
       please check the style of container, or the props width(100%) and height(100%),
       or add a minWidth(0) or minHeight(undefined) or use aspect(undefined) to control the
       height and width.
[2m8:35:15 PM[22m [33m[1m[vite][22m[39m [33m[2m(client)[22m[39m [2m[console.warn] [22mThe width(-1) and height(-1) of chart should be greater than 0,
       please check the style of container, or the props width(100%) and height(100%),
       or add a minWidth(0) or minHeight(undefined) or use aspect(undefined) to control the
       height and width.
[2m8:35:19 PM[22m [33m[1m[vite][22m[39m [33m[2m(client)[22m[39m [2m[console.warn] [22mThe width(-1) and height(-1) of chart should be greater than 0,
       please check the style of container, or the props width(100%) and height(100%),
       or add a minWidth(0) or minHeight(undefined) or use aspect(undefined) to control the
       height and width.
[2m8:35:19 PM[22m [33m[1m[vite][22m[39m [33m[2m(client)[22m[39m [2m[console.warn] [22mThe width(-1) and height(-1) of chart should be greater than 0,
       please check the style of container, or the props width(100%) and height(100%),
       or add a minWidth(0) or minHeight(undefined) or use aspect(undefined) to control the
       height and width.
[2m10:19:56 PM[22m [31m[1m[vite][22m[39m [31m[2m(client)[22m[39m [2m[console.error] [22m[2026-04-22T15:19:56.874Z] Error: Connection disconnected with error 'Error: Server returned an error on close: Connection closed with an error.'.
[2m11:04:49 PM[22m [33m[1m[vite][22m[39m [33m[2m(client)[22m[39m [2m[console.warn] [22mThe width(-1) and height(-1) of chart should be greater than 0,
       please check the style of container, or the props width(100%) and height(100%),
       or add a minWidth(0) or minHeight(undefined) or use aspect(undefined) to control the
       height and width.
[2m11:04:49 PM[22m [33m[1m[vite][22m[39m [33m[2m(client)[22m[39m [2m[console.warn] [22mThe width(-1) and height(-1) of chart should be greater than 0,
       please check the style of container, or the props width(100%) and height(100%),
       or add a minWidth(0) or minHeight(undefined) or use aspect(undefined) to control the
       height and width.
^C